// Jest Snapshot v1, https://goo.gl/fbAQLP

exports[`matches snapshot 1`] = `
<Fragment>
  <SearchInput
    disabled={false}
    exportData={[Function]}
    onCountryChange={[Function]}
    onKeywordChange={[Function]}
    onSubmit={[Function]}
  />
  <UniversityCards
    addFavorite={[Function]}
    favoriteList={Array []}
    removeFavorite={[Function]}
    showError={false}
    universityList={Array []}
  />
</Fragment>
`;
